Stage S: 27/27 cells to run (6 workers x 4 threads, 45 GB budget)
[1/27] screen_taper--binormal_95--n100 (M=6694, reps=500)
  [screen_taper--binormal_95--n100] rep 100/500 (134.62 reps/s)
  [screen_taper--binormal_95--n100] rep 200/500 (138.43 reps/s)
  [screen_taper--binormal_95--n100] rep 300/500 (139.63 reps/s)
  [screen_taper--binormal_95--n100] rep 400/500 (140.17 reps/s)
  [screen_taper--binormal_95--n100] rep 500/500 (139.77 reps/s)
  [screen_taper--binormal_95--n100] SE gate: topping up to 1500 reps
  [screen_taper--binormal_95--n100] rep 100/1000 (138.53 reps/s)
  [screen_taper--binormal_95--n100] rep 200/1000 (140.17 reps/s)
  [screen_taper--binormal_95--n100] rep 300/1000 (139.84 reps/s)
  [screen_taper--binormal_95--n100] rep 400/1000 (140.39 reps/s)
  [screen_taper--binormal_95--n100] rep 500/1000 (140.36 reps/s)
  [screen_taper--binormal_95--n100] rep 600/1000 (140.17 reps/s)
  [screen_taper--binormal_95--n100] rep 700/1000 (140.22 reps/s)
  [screen_taper--binormal_95--n100] rep 800/1000 (140.46 reps/s)
  [screen_taper--binormal_95--n100] rep 900/1000 (140.70 reps/s)
  [screen_taper--binormal_95--n100] rep 1000/1000 (141.17 reps/s)
  [screen_taper--binormal_95--n100] SE gate: topping up to 2000 reps
  [screen_taper--binormal_95--n100] rep 100/500 (138.03 reps/s)
  [screen_taper--binormal_95--n100] rep 200/500 (137.05 reps/s)
  [screen_taper--binormal_95--n100] rep 300/500 (139.81 reps/s)
  [screen_taper--binormal_95--n100] rep 400/500 (139.96 reps/s)
  [screen_taper--binormal_95--n100] rep 500/500 (140.94 reps/s)
[screen_taper--binormal_95--n100] done: 2000 reps, M=6694, 15s
[2/27] screen_taper--binormal_95--n500 (M=10315, reps=500)
  [screen_taper--binormal_95--n500] rep 100/500 (27.58 reps/s)
  [screen_taper--binormal_95--n500] rep 200/500 (27.50 reps/s)
  [screen_taper--binormal_95--n500] rep 300/500 (28.27 reps/s)
  [screen_taper--binormal_95--n500] rep 400/500 (28.28 reps/s)
  [screen_taper--binormal_95--n500] rep 500/500 (28.55 reps/s)
  [screen_taper--binormal_95--n500] SE gate: topping up to 1500 reps
  [screen_taper--binormal_95--n500] rep 100/1000 (28.23 reps/s)
  [screen_taper--binormal_95--n500] rep 200/1000 (28.47 reps/s)
  [screen_taper--binormal_95--n500] rep 300/1000 (29.02 reps/s)
  [screen_taper--binormal_95--n500] rep 400/1000 (28.92 reps/s)
  [screen_taper--binormal_95--n500] rep 500/1000 (28.90 reps/s)
  [screen_taper--binormal_95--n500] rep 600/1000 (29.02 reps/s)
  [screen_taper--binormal_95--n500] rep 700/1000 (29.00 reps/s)
  [screen_taper--binormal_95--n500] rep 800/1000 (28.96 reps/s)
  [screen_taper--binormal_95--n500] rep 900/1000 (29.00 reps/s)
  [screen_taper--binormal_95--n500] rep 1000/1000 (29.02 reps/s)
  [screen_taper--binormal_95--n500] SE gate: topping up to 2000 reps
  [screen_taper--binormal_95--n500] rep 100/500 (28.08 reps/s)
  [screen_taper--binormal_95--n500] rep 200/500 (28.36 reps/s)
  [screen_taper--binormal_95--n500] rep 300/500 (28.76 reps/s)
  [screen_taper--binormal_95--n500] rep 400/500 (28.80 reps/s)
  [screen_taper--binormal_95--n500] rep 500/500 (28.84 reps/s)
[screen_taper--binormal_95--n500] done: 2000 reps, M=10315, 70s
[3/27] screen_taper--binormal_95--n5000 (M=12144, reps=500)
  [screen_taper--binormal_95--n5000] rep 100/500 (3.00 reps/s)
  [screen_taper--binormal_95--n5000] rep 200/500 (3.00 reps/s)
  [screen_taper--binormal_95--n5000] rep 300/500 (3.05 reps/s)
  [screen_taper--binormal_95--n5000] rep 400/500 (3.04 reps/s)
  [screen_taper--binormal_95--n5000] rep 500/500 (3.05 reps/s)
  [screen_taper--binormal_95--n5000] SE gate: topping up to 1500 reps
  [screen_taper--binormal_95--n5000] rep 100/1000 (2.98 reps/s)
  [screen_taper--binormal_95--n5000] rep 200/1000 (3.00 reps/s)
  [screen_taper--binormal_95--n5000] rep 300/1000 (3.05 reps/s)
  [screen_taper--binormal_95--n5000] rep 400/1000 (3.04 reps/s)
  [screen_taper--binormal_95--n5000] rep 500/1000 (3.03 reps/s)
  [screen_taper--binormal_95--n5000] rep 600/1000 (3.05 reps/s)
  [screen_taper--binormal_95--n5000] rep 700/1000 (3.05 reps/s)
  [screen_taper--binormal_95--n5000] rep 800/1000 (3.04 reps/s)
  [screen_taper--binormal_95--n5000] rep 900/1000 (3.05 reps/s)
  [screen_taper--binormal_95--n5000] rep 1000/1000 (3.05 reps/s)
  [screen_taper--binormal_95--n5000] SE gate: topping up to 2000 reps
  [screen_taper--binormal_95--n5000] rep 100/500 (3.00 reps/s)
  [screen_taper--binormal_95--n5000] rep 200/500 (3.01 reps/s)
  [screen_taper--binormal_95--n5000] rep 300/500 (3.06 reps/s)
  [screen_taper--binormal_95--n5000] rep 400/500 (3.05 reps/s)
  [screen_taper--binormal_95--n5000] rep 500/500 (3.05 reps/s)
[screen_taper--binormal_95--n5000] done: 2000 reps, M=12144, 656s
[4/27] screen_taper--binormal_95--n50000 (M=12689, reps=500)
  [screen_taper--binormal_95--n50000] rep 100/500 (0.28 reps/s)
  [screen_taper--binormal_95--n50000] rep 200/500 (0.28 reps/s)
  [screen_taper--binormal_95--n50000] rep 300/500 (0.28 reps/s)
  [screen_taper--binormal_95--n50000] rep 400/500 (0.28 reps/s)
  [screen_taper--binormal_95--n50000] rep 500/500 (0.28 reps/s)
  [screen_taper--binormal_95--n50000] SE gate: topping up to 1500 reps
  [screen_taper--binormal_95--n50000] rep 100/1000 (0.28 reps/s)
  [screen_taper--binormal_95--n50000] rep 200/1000 (0.28 reps/s)
  [screen_taper--binormal_95--n50000] rep 300/1000 (0.28 reps/s)
  [screen_taper--binormal_95--n50000] rep 400/1000 (0.28 reps/s)
  [screen_taper--binormal_95--n50000] rep 500/1000 (0.28 reps/s)
  [screen_taper--binormal_95--n50000] rep 600/1000 (0.28 reps/s)
  [screen_taper--binormal_95--n50000] rep 700/1000 (0.28 reps/s)
  [screen_taper--binormal_95--n50000] rep 800/1000 (0.28 reps/s)
  [screen_taper--binormal_95--n50000] rep 900/1000 (0.28 reps/s)
  [screen_taper--binormal_95--n50000] rep 1000/1000 (0.28 reps/s)
[screen_taper--binormal_95--n50000] done: 1500 reps, M=12689, 5328s
[5/27] screen_taper--t2_95--n100 (M=6694, reps=500)
  [screen_taper--t2_95--n100] rep 100/500 (135.35 reps/s)
  [screen_taper--t2_95--n100] rep 200/500 (134.94 reps/s)
  [screen_taper--t2_95--n100] rep 300/500 (135.95 reps/s)
  [screen_taper--t2_95--n100] rep 400/500 (137.44 reps/s)
  [screen_taper--t2_95--n100] rep 500/500 (137.69 reps/s)
[screen_taper--t2_95--n100] done: 500 reps, M=6694, 4s
[6/27] screen_taper--t2_95--n500 (M=10315, reps=500)
  [screen_taper--t2_95--n500] rep 100/500 (27.49 reps/s)
  [screen_taper--t2_95--n500] rep 200/500 (27.62 reps/s)
  [screen_taper--t2_95--n500] rep 300/500 (28.12 reps/s)
  [screen_taper--t2_95--n500] rep 400/500 (28.16 reps/s)
  [screen_taper--t2_95--n500] rep 500/500 (28.30 reps/s)
  [screen_taper--t2_95--n500] SE gate: topping up to 1500 reps
  [screen_taper--t2_95--n500] rep 100/1000 (27.86 reps/s)
  [screen_taper--t2_95--n500] rep 200/1000 (27.94 reps/s)
  [screen_taper--t2_95--n500] rep 300/1000 (28.19 reps/s)
  [screen_taper--t2_95--n500] rep 400/1000 (28.32 reps/s)
  [screen_taper--t2_95--n500] rep 500/1000 (28.33 reps/s)
  [screen_taper--t2_95--n500] rep 600/1000 (28.28 reps/s)
  [screen_taper--t2_95--n500] rep 700/1000 (28.35 reps/s)
  [screen_taper--t2_95--n500] rep 800/1000 (28.29 reps/s)
  [screen_taper--t2_95--n500] rep 900/1000 (28.27 reps/s)
  [screen_taper--t2_95--n500] rep 1000/1000 (28.40 reps/s)
  [screen_taper--t2_95--n500] SE gate: topping up to 2000 reps
  [screen_taper--t2_95--n500] rep 100/500 (27.81 reps/s)
  [screen_taper--t2_95--n500] rep 200/500 (27.85 reps/s)
  [screen_taper--t2_95--n500] rep 300/500 (28.08 reps/s)
  [screen_taper--t2_95--n500] rep 400/500 (28.18 reps/s)
  [screen_taper--t2_95--n500] rep 500/500 (28.26 reps/s)
[screen_taper--t2_95--n500] done: 2000 reps, M=10315, 71s
[7/27] screen_taper--t2_95--n5000 (M=12144, reps=500)
  [screen_taper--t2_95--n5000] rep 100/500 (2.99 reps/s)
  [screen_taper--t2_95--n5000] rep 200/500 (3.01 reps/s)
  [screen_taper--t2_95--n5000] rep 300/500 (3.07 reps/s)
  [screen_taper--t2_95--n5000] rep 400/500 (3.06 reps/s)
  [screen_taper--t2_95--n5000] rep 500/500 (3.07 reps/s)
  [screen_taper--t2_95--n5000] SE gate: topping up to 1500 reps
  [screen_taper--t2_95--n5000] rep 100/1000 (3.03 reps/s)
  [screen_taper--t2_95--n5000] rep 200/1000 (3.01 reps/s)
  [screen_taper--t2_95--n5000] rep 300/1000 (3.05 reps/s)
  [screen_taper--t2_95--n5000] rep 400/1000 (3.05 reps/s)
  [screen_taper--t2_95--n5000] rep 500/1000 (3.05 reps/s)
  [screen_taper--t2_95--n5000] rep 600/1000 (3.07 reps/s)
  [screen_taper--t2_95--n5000] rep 700/1000 (3.07 reps/s)
  [screen_taper--t2_95--n5000] rep 800/1000 (3.06 reps/s)
  [screen_taper--t2_95--n5000] rep 900/1000 (3.08 reps/s)
  [screen_taper--t2_95--n5000] rep 1000/1000 (3.08 reps/s)
  [screen_taper--t2_95--n5000] SE gate: topping up to 2000 reps
  [screen_taper--t2_95--n5000] rep 100/500 (3.02 reps/s)
  [screen_taper--t2_95--n5000] rep 200/500 (3.02 reps/s)
  [screen_taper--t2_95--n5000] rep 300/500 (3.08 reps/s)
  [screen_taper--t2_95--n5000] rep 400/500 (3.07 reps/s)
  [screen_taper--t2_95--n5000] rep 500/500 (3.06 reps/s)
[screen_taper--t2_95--n5000] done: 2000 reps, M=12144, 652s
[8/27] screen_taper--t2_95--n50000 (M=12689, reps=500)
  [screen_taper--t2_95--n50000] rep 100/500 (0.29 reps/s)
  [screen_taper--t2_95--n50000] rep 200/500 (0.29 reps/s)
  [screen_taper--t2_95--n50000] rep 300/500 (0.29 reps/s)
  [screen_taper--t2_95--n50000] rep 400/500 (0.29 reps/s)
  [screen_taper--t2_95--n50000] rep 500/500 (0.29 reps/s)
  [screen_taper--t2_95--n50000] SE gate: topping up to 1500 reps
  [screen_taper--t2_95--n50000] rep 100/1000 (0.29 reps/s)
  [screen_taper--t2_95--n50000] rep 200/1000 (0.29 reps/s)
  [screen_taper--t2_95--n50000] rep 300/1000 (0.29 reps/s)
  [screen_taper--t2_95--n50000] rep 400/1000 (0.29 reps/s)
  [screen_taper--t2_95--n50000] rep 500/1000 (0.29 reps/s)
  [screen_taper--t2_95--n50000] rep 600/1000 (0.29 reps/s)
  [screen_taper--t2_95--n50000] rep 700/1000 (0.29 reps/s)
  [screen_taper--t2_95--n50000] rep 800/1000 (0.29 reps/s)
  [screen_taper--t2_95--n50000] rep 900/1000 (0.29 reps/s)
  [screen_taper--t2_95--n50000] rep 1000/1000 (0.29 reps/s)
  [screen_taper--t2_95--n50000] SE gate: topping up to 2000 reps
  [screen_taper--t2_95--n50000] rep 100/500 (0.29 reps/s)
  [screen_taper--t2_95--n50000] rep 200/500 (0.29 reps/s)
  [screen_taper--t2_95--n50000] rep 300/500 (0.29 reps/s)
  [screen_taper--t2_95--n50000] rep 400/500 (0.29 reps/s)
  [screen_taper--t2_95--n50000] rep 500/500 (0.29 reps/s)
[screen_taper--t2_95--n50000] done: 2000 reps, M=12689, 6862s
[9/27] screen_taper--kink_80--n100 (M=6694, reps=500)
  [screen_taper--kink_80--n100] rep 100/500 (135.00 reps/s)
  [screen_taper--kink_80--n100] rep 200/500 (136.34 reps/s)
  [screen_taper--kink_80--n100] rep 300/500 (138.18 reps/s)
  [screen_taper--kink_80--n100] rep 400/500 (137.18 reps/s)
  [screen_taper--kink_80--n100] rep 500/500 (137.58 reps/s)
  [screen_taper--kink_80--n100] SE gate: topping up to 1500 reps
  [screen_taper--kink_80--n100] rep 100/1000 (131.90 reps/s)
  [screen_taper--kink_80--n100] rep 200/1000 (135.14 reps/s)
  [screen_taper--kink_80--n100] rep 300/1000 (137.53 reps/s)
  [screen_taper--kink_80--n100] rep 400/1000 (136.55 reps/s)
  [screen_taper--kink_80--n100] rep 500/1000 (136.63 reps/s)
  [screen_taper--kink_80--n100] rep 600/1000 (137.49 reps/s)
  [screen_taper--kink_80--n100] rep 700/1000 (137.29 reps/s)
  [screen_taper--kink_80--n100] rep 800/1000 (136.82 reps/s)
  [screen_taper--kink_80--n100] rep 900/1000 (137.24 reps/s)
  [screen_taper--kink_80--n100] rep 1000/1000 (137.32 reps/s)
  [screen_taper--kink_80--n100] SE gate: topping up to 2000 reps
  [screen_taper--kink_80--n100] rep 100/500 (135.32 reps/s)
  [screen_taper--kink_80--n100] rep 200/500 (134.55 reps/s)
  [screen_taper--kink_80--n100] rep 300/500 (136.76 reps/s)
  [screen_taper--kink_80--n100] rep 400/500 (136.30 reps/s)
  [screen_taper--kink_80--n100] rep 500/500 (136.42 reps/s)
[screen_taper--kink_80--n100] done: 2000 reps, M=6694, 15s
[10/27] screen_taper--kink_80--n500 (M=10315, reps=500)
  [screen_taper--kink_80--n500] rep 100/500 (27.82 reps/s)
  [screen_taper--kink_80--n500] rep 200/500 (28.05 reps/s)
  [screen_taper--kink_80--n500] rep 300/500 (28.60 reps/s)
  [screen_taper--kink_80--n500] rep 400/500 (28.61 reps/s)
  [screen_taper--kink_80--n500] rep 500/500 (28.78 reps/s)
  [screen_taper--kink_80--n500] SE gate: topping up to 1500 reps
  [screen_taper--kink_80--n500] rep 100/1000 (28.07 reps/s)
  [screen_taper--kink_80--n500] rep 200/1000 (28.45 reps/s)
  [screen_taper--kink_80--n500] rep 300/1000 (28.89 reps/s)
  [screen_taper--kink_80--n500] rep 400/1000 (28.91 reps/s)
  [screen_taper--kink_80--n500] rep 500/1000 (28.86 reps/s)
  [screen_taper--kink_80--n500] rep 600/1000 (29.00 reps/s)
  [screen_taper--kink_80--n500] rep 700/1000 (28.97 reps/s)
  [screen_taper--kink_80--n500] rep 800/1000 (29.03 reps/s)
  [screen_taper--kink_80--n500] rep 900/1000 (29.00 reps/s)
  [screen_taper--kink_80--n500] rep 1000/1000 (29.04 reps/s)
  [screen_taper--kink_80--n500] SE gate: topping up to 2000 reps
  [screen_taper--kink_80--n500] rep 100/500 (27.24 reps/s)
  [screen_taper--kink_80--n500] rep 200/500 (28.05 reps/s)
  [screen_taper--kink_80--n500] rep 300/500 (28.61 reps/s)
  [screen_taper--kink_80--n500] rep 400/500 (28.65 reps/s)
  [screen_taper--kink_80--n500] rep 500/500 (28.71 reps/s)
[screen_taper--kink_80--n500] done: 2000 reps, M=10315, 70s
[11/27] screen_taper--kink_80--n5000 (M=12144, reps=500)
  [screen_taper--kink_80--n5000] rep 100/500 (2.87 reps/s)
  [screen_taper--kink_80--n5000] rep 200/500 (2.90 reps/s)
  [screen_taper--kink_80--n5000] rep 300/500 (2.96 reps/s)
  [screen_taper--kink_80--n5000] rep 400/500 (2.96 reps/s)
  [screen_taper--kink_80--n5000] rep 500/500 (2.97 reps/s)
  [screen_taper--kink_80--n5000] SE gate: topping up to 1500 reps
  [screen_taper--kink_80--n5000] rep 100/1000 (2.93 reps/s)
  [screen_taper--kink_80--n5000] rep 200/1000 (2.93 reps/s)
  [screen_taper--kink_80--n5000] rep 300/1000 (2.99 reps/s)
  [screen_taper--kink_80--n5000] rep 400/1000 (2.98 reps/s)
  [screen_taper--kink_80--n5000] rep 500/1000 (2.98 reps/s)
  [screen_taper--kink_80--n5000] rep 600/1000 (3.00 reps/s)
  [screen_taper--kink_80--n5000] rep 700/1000 (2.99 reps/s)
  [screen_taper--kink_80--n5000] rep 800/1000 (2.97 reps/s)
  [screen_taper--kink_80--n5000] rep 900/1000 (2.98 reps/s)
  [screen_taper--kink_80--n5000] rep 1000/1000 (2.98 reps/s)
  [screen_taper--kink_80--n5000] SE gate: topping up to 2000 reps
  [screen_taper--kink_80--n5000] rep 100/500 (2.89 reps/s)
  [screen_taper--kink_80--n5000] rep 200/500 (2.92 reps/s)
  [screen_taper--kink_80--n5000] rep 300/500 (2.98 reps/s)
  [screen_taper--kink_80--n5000] rep 400/500 (2.97 reps/s)
  [screen_taper--kink_80--n5000] rep 500/500 (2.99 reps/s)
[screen_taper--kink_80--n5000] done: 2000 reps, M=12144, 673s
[12/27] screen_taper--kink_80--n50000 (M=12689, reps=500)
  [screen_taper--kink_80--n50000] rep 100/500 (0.23 reps/s)
  [screen_taper--kink_80--n50000] rep 200/500 (0.23 reps/s)
  [screen_taper--kink_80--n50000] rep 300/500 (0.24 reps/s)
  [screen_taper--kink_80--n50000] rep 400/500 (0.24 reps/s)
  [screen_taper--kink_80--n50000] rep 500/500 (0.24 reps/s)
  [screen_taper--kink_80--n50000] SE gate: topping up to 1500 reps
  [screen_taper--kink_80--n50000] rep 100/1000 (0.24 reps/s)
  [screen_taper--kink_80--n50000] rep 200/1000 (0.24 reps/s)
  [screen_taper--kink_80--n50000] rep 300/1000 (0.24 reps/s)
  [screen_taper--kink_80--n50000] rep 400/1000 (0.24 reps/s)
  [screen_taper--kink_80--n50000] rep 500/1000 (0.24 reps/s)
  [screen_taper--kink_80--n50000] rep 600/1000 (0.24 reps/s)
  [screen_taper--kink_80--n50000] rep 700/1000 (0.24 reps/s)
  [screen_taper--kink_80--n50000] rep 800/1000 (0.24 reps/s)
  [screen_taper--kink_80--n50000] rep 900/1000 (0.24 reps/s)
  [screen_taper--kink_80--n50000] rep 1000/1000 (0.24 reps/s)
  [screen_taper--kink_80--n50000] SE gate: topping up to 2000 reps
  [screen_taper--kink_80--n50000] rep 100/500 (0.24 reps/s)
  [screen_taper--kink_80--n50000] rep 200/500 (0.24 reps/s)
  [screen_taper--kink_80--n50000] rep 300/500 (0.25 reps/s)
  [screen_taper--kink_80--n50000] rep 400/500 (0.25 reps/s)
  [screen_taper--kink_80--n50000] rep 500/500 (0.25 reps/s)
[screen_taper--kink_80--n50000] done: 2000 reps, M=12689, 8201s
[13/27] screen_shape--binormal_60--n500 (M=10315, reps=500)
  [screen_shape--binormal_60--n500] rep 100/500 (27.62 reps/s)
  [screen_shape--binormal_60--n500] rep 200/500 (27.76 reps/s)
  [screen_shape--binormal_60--n500] rep 300/500 (28.13 reps/s)
  [screen_shape--binormal_60--n500] rep 400/500 (28.12 reps/s)
  [screen_shape--binormal_60--n500] rep 500/500 (28.18 reps/s)
  [screen_shape--binormal_60--n500] SE gate: topping up to 1500 reps
  [screen_shape--binormal_60--n500] rep 100/1000 (26.11 reps/s)
  [screen_shape--binormal_60--n500] rep 200/1000 (27.31 reps/s)
  [screen_shape--binormal_60--n500] rep 300/1000 (27.95 reps/s)
  [screen_shape--binormal_60--n500] rep 400/1000 (28.10 reps/s)
  [screen_shape--binormal_60--n500] rep 500/1000 (28.24 reps/s)
  [screen_shape--binormal_60--n500] rep 600/1000 (28.37 reps/s)
  [screen_shape--binormal_60--n500] rep 700/1000 (28.40 reps/s)
  [screen_shape--binormal_60--n500] rep 800/1000 (28.50 reps/s)
  [screen_shape--binormal_60--n500] rep 900/1000 (28.58 reps/s)
  [screen_shape--binormal_60--n500] rep 1000/1000 (28.63 reps/s)
  [screen_shape--binormal_60--n500] SE gate: topping up to 2000 reps
  [screen_shape--binormal_60--n500] rep 100/500 (27.68 reps/s)
  [screen_shape--binormal_60--n500] rep 200/500 (28.12 reps/s)
  [screen_shape--binormal_60--n500] rep 300/500 (28.66 reps/s)
  [screen_shape--binormal_60--n500] rep 400/500 (28.67 reps/s)
  [screen_shape--binormal_60--n500] rep 500/500 (28.71 reps/s)
[screen_shape--binormal_60--n500] done: 2000 reps, M=10315, 71s
[14/27] screen_shape--binormal_75--n500 (M=10315, reps=500)
  [screen_shape--binormal_75--n500] rep 100/500 (28.15 reps/s)
  [screen_shape--binormal_75--n500] rep 200/500 (27.95 reps/s)
  [screen_shape--binormal_75--n500] rep 300/500 (28.50 reps/s)
  [screen_shape--binormal_75--n500] rep 400/500 (28.68 reps/s)
  [screen_shape--binormal_75--n500] rep 500/500 (28.81 reps/s)
  [screen_shape--binormal_75--n500] SE gate: topping up to 1500 reps
  [screen_shape--binormal_75--n500] rep 100/1000 (28.23 reps/s)
  [screen_shape--binormal_75--n500] rep 200/1000 (28.57 reps/s)
  [screen_shape--binormal_75--n500] rep 300/1000 (29.05 reps/s)
  [screen_shape--binormal_75--n500] rep 400/1000 (29.06 reps/s)
  [screen_shape--binormal_75--n500] rep 500/1000 (28.93 reps/s)
  [screen_shape--binormal_75--n500] rep 600/1000 (29.13 reps/s)
  [screen_shape--binormal_75--n500] rep 700/1000 (29.10 reps/s)
  [screen_shape--binormal_75--n500] rep 800/1000 (29.08 reps/s)
  [screen_shape--binormal_75--n500] rep 900/1000 (29.18 reps/s)
  [screen_shape--binormal_75--n500] rep 1000/1000 (29.18 reps/s)
  [screen_shape--binormal_75--n500] SE gate: topping up to 2000 reps
  [screen_shape--binormal_75--n500] rep 100/500 (27.92 reps/s)
  [screen_shape--binormal_75--n500] rep 200/500 (28.51 reps/s)
  [screen_shape--binormal_75--n500] rep 300/500 (28.96 reps/s)
  [screen_shape--binormal_75--n500] rep 400/500 (28.75 reps/s)
  [screen_shape--binormal_75--n500] rep 500/500 (28.73 reps/s)
[screen_shape--binormal_75--n500] done: 2000 reps, M=10315, 70s
[15/27] screen_shape--binormal_90--n500 (M=10315, reps=500)
  [screen_shape--binormal_90--n500] rep 100/500 (28.24 reps/s)
  [screen_shape--binormal_90--n500] rep 200/500 (28.64 reps/s)
  [screen_shape--binormal_90--n500] rep 300/500 (28.80 reps/s)
  [screen_shape--binormal_90--n500] rep 400/500 (29.02 reps/s)
  [screen_shape--binormal_90--n500] rep 500/500 (29.10 reps/s)
  [screen_shape--binormal_90--n500] SE gate: topping up to 1500 reps
  [screen_shape--binormal_90--n500] rep 100/1000 (27.93 reps/s)
  [screen_shape--binormal_90--n500] rep 200/1000 (28.41 reps/s)
  [screen_shape--binormal_90--n500] rep 300/1000 (28.96 reps/s)
  [screen_shape--binormal_90--n500] rep 400/1000 (28.90 reps/s)
  [screen_shape--binormal_90--n500] rep 500/1000 (28.96 reps/s)
  [screen_shape--binormal_90--n500] rep 600/1000 (29.11 reps/s)
  [screen_shape--binormal_90--n500] rep 700/1000 (29.09 reps/s)
  [screen_shape--binormal_90--n500] rep 800/1000 (29.09 reps/s)
  [screen_shape--binormal_90--n500] rep 900/1000 (29.14 reps/s)
  [screen_shape--binormal_90--n500] rep 1000/1000 (29.07 reps/s)
  [screen_shape--binormal_90--n500] SE gate: topping up to 2000 reps
  [screen_shape--binormal_90--n500] rep 100/500 (27.85 reps/s)
  [screen_shape--binormal_90--n500] rep 200/500 (28.14 reps/s)
  [screen_shape--binormal_90--n500] rep 300/500 (28.73 reps/s)
  [screen_shape--binormal_90--n500] rep 400/500 (28.78 reps/s)
  [screen_shape--binormal_90--n500] rep 500/500 (28.95 reps/s)
[screen_shape--binormal_90--n500] done: 2000 reps, M=10315, 70s
[16/27] screen_shape--binormal_99--n500 (M=10315, reps=500)
  [screen_shape--binormal_99--n500] rep 100/500 (26.99 reps/s)
  [screen_shape--binormal_99--n500] rep 200/500 (27.18 reps/s)
  [screen_shape--binormal_99--n500] rep 300/500 (27.39 reps/s)
  [screen_shape--binormal_99--n500] rep 400/500 (27.40 reps/s)
  [screen_shape--binormal_99--n500] rep 500/500 (27.62 reps/s)
  [screen_shape--binormal_99--n500] SE gate: topping up to 1500 reps
  [screen_shape--binormal_99--n500] rep 100/1000 (27.53 reps/s)
  [screen_shape--binormal_99--n500] rep 200/1000 (27.54 reps/s)
  [screen_shape--binormal_99--n500] rep 300/1000 (27.95 reps/s)
  [screen_shape--binormal_99--n500] rep 400/1000 (27.87 reps/s)
  [screen_shape--binormal_99--n500] rep 500/1000 (27.90 reps/s)
  [screen_shape--binormal_99--n500] rep 600/1000 (27.85 reps/s)
  [screen_shape--binormal_99--n500] rep 700/1000 (27.80 reps/s)
  [screen_shape--binormal_99--n500] rep 800/1000 (27.81 reps/s)
  [screen_shape--binormal_99--n500] rep 900/1000 (27.88 reps/s)
  [screen_shape--binormal_99--n500] rep 1000/1000 (27.92 reps/s)
  [screen_shape--binormal_99--n500] SE gate: topping up to 2000 reps
  [screen_shape--binormal_99--n500] rep 100/500 (27.26 reps/s)
  [screen_shape--binormal_99--n500] rep 200/500 (27.64 reps/s)
  [screen_shape--binormal_99--n500] rep 300/500 (27.99 reps/s)
  [screen_shape--binormal_99--n500] rep 400/500 (27.94 reps/s)
  [screen_shape--binormal_99--n500] rep 500/500 (27.97 reps/s)
[screen_shape--binormal_99--n500] done: 2000 reps, M=10315, 73s
[17/27] screen_shape--hetero_90_r3--n500 (M=10315, reps=500)
  [screen_shape--hetero_90_r3--n500] rep 100/500 (28.06 reps/s)
  [screen_shape--hetero_90_r3--n500] rep 200/500 (28.49 reps/s)
  [screen_shape--hetero_90_r3--n500] rep 300/500 (28.77 reps/s)
  [screen_shape--hetero_90_r3--n500] rep 400/500 (28.76 reps/s)
  [screen_shape--hetero_90_r3--n500] rep 500/500 (28.87 reps/s)
  [screen_shape--hetero_90_r3--n500] SE gate: topping up to 1500 reps
  [screen_shape--hetero_90_r3--n500] rep 100/1000 (28.02 reps/s)
  [screen_shape--hetero_90_r3--n500] rep 200/1000 (27.69 reps/s)
  [screen_shape--hetero_90_r3--n500] rep 300/1000 (27.97 reps/s)
  [screen_shape--hetero_90_r3--n500] rep 400/1000 (28.32 reps/s)
  [screen_shape--hetero_90_r3--n500] rep 500/1000 (28.32 reps/s)
  [screen_shape--hetero_90_r3--n500] rep 600/1000 (28.48 reps/s)
  [screen_shape--hetero_90_r3--n500] rep 700/1000 (28.57 reps/s)
  [screen_shape--hetero_90_r3--n500] rep 800/1000 (28.60 reps/s)
  [screen_shape--hetero_90_r3--n500] rep 900/1000 (28.56 reps/s)
  [screen_shape--hetero_90_r3--n500] rep 1000/1000 (28.55 reps/s)
  [screen_shape--hetero_90_r3--n500] SE gate: topping up to 2000 reps
  [screen_shape--hetero_90_r3--n500] rep 100/500 (28.00 reps/s)
  [screen_shape--hetero_90_r3--n500] rep 200/500 (28.15 reps/s)
  [screen_shape--hetero_90_r3--n500] rep 300/500 (28.48 reps/s)
  [screen_shape--hetero_90_r3--n500] rep 400/500 (28.56 reps/s)
  [screen_shape--hetero_90_r3--n500] rep 500/500 (28.63 reps/s)
[screen_shape--hetero_90_r3--n500] done: 2000 reps, M=10315, 71s
[18/27] screen_shape--bimodal_90--n500 (M=10315, reps=500)
  [screen_shape--bimodal_90--n500] rep 100/500 (28.20 reps/s)
  [screen_shape--bimodal_90--n500] rep 200/500 (28.34 reps/s)
  [screen_shape--bimodal_90--n500] rep 300/500 (28.29 reps/s)
  [screen_shape--bimodal_90--n500] rep 400/500 (28.36 reps/s)
  [screen_shape--bimodal_90--n500] rep 500/500 (28.49 reps/s)
  [screen_shape--bimodal_90--n500] SE gate: topping up to 1500 reps
  [screen_shape--bimodal_90--n500] rep 100/1000 (27.89 reps/s)
  [screen_shape--bimodal_90--n500] rep 200/1000 (28.43 reps/s)
  [screen_shape--bimodal_90--n500] rep 300/1000 (28.56 reps/s)
  [screen_shape--bimodal_90--n500] rep 400/1000 (28.79 reps/s)
  [screen_shape--bimodal_90--n500] rep 500/1000 (28.85 reps/s)
  [screen_shape--bimodal_90--n500] rep 600/1000 (28.82 reps/s)
  [screen_shape--bimodal_90--n500] rep 700/1000 (28.87 reps/s)
  [screen_shape--bimodal_90--n500] rep 800/1000 (28.83 reps/s)
  [screen_shape--bimodal_90--n500] rep 900/1000 (28.87 reps/s)
  [screen_shape--bimodal_90--n500] rep 1000/1000 (28.89 reps/s)
  [screen_shape--bimodal_90--n500] SE gate: topping up to 2000 reps
  [screen_shape--bimodal_90--n500] rep 100/500 (28.05 reps/s)
  [screen_shape--bimodal_90--n500] rep 200/500 (28.37 reps/s)
  [screen_shape--bimodal_90--n500] rep 300/500 (28.90 reps/s)
  [screen_shape--bimodal_90--n500] rep 400/500 (28.81 reps/s)
  [screen_shape--bimodal_90--n500] rep 500/500 (28.65 reps/s)
[screen_shape--bimodal_90--n500] done: 2000 reps, M=10315, 70s
[19/27] screen_shape--trapezoid_q10_90--n500 (M=10315, reps=500)
  [screen_shape--trapezoid_q10_90--n500] rep 100/500 (28.07 reps/s)
  [screen_shape--trapezoid_q10_90--n500] rep 200/500 (28.49 reps/s)
  [screen_shape--trapezoid_q10_90--n500] rep 300/500 (28.98 reps/s)
  [screen_shape--trapezoid_q10_90--n500] rep 400/500 (28.89 reps/s)
  [screen_shape--trapezoid_q10_90--n500] rep 500/500 (28.93 reps/s)
  [screen_shape--trapezoid_q10_90--n500] SE gate: topping up to 1500 reps
  [screen_shape--trapezoid_q10_90--n500] rep 100/1000 (28.33 reps/s)
  [screen_shape--trapezoid_q10_90--n500] rep 200/1000 (28.32 reps/s)
  [screen_shape--trapezoid_q10_90--n500] rep 300/1000 (28.85 reps/s)
  [screen_shape--trapezoid_q10_90--n500] rep 400/1000 (28.76 reps/s)
  [screen_shape--trapezoid_q10_90--n500] rep 500/1000 (28.77 reps/s)
  [screen_shape--trapezoid_q10_90--n500] rep 600/1000 (28.97 reps/s)
  [screen_shape--trapezoid_q10_90--n500] rep 700/1000 (28.93 reps/s)
  [screen_shape--trapezoid_q10_90--n500] rep 800/1000 (28.96 reps/s)
  [screen_shape--trapezoid_q10_90--n500] rep 900/1000 (29.05 reps/s)
  [screen_shape--trapezoid_q10_90--n500] rep 1000/1000 (29.06 reps/s)
  [screen_shape--trapezoid_q10_90--n500] SE gate: topping up to 2000 reps
  [screen_shape--trapezoid_q10_90--n500] rep 100/500 (27.68 reps/s)
  [screen_shape--trapezoid_q10_90--n500] rep 200/500 (27.88 reps/s)
  [screen_shape--trapezoid_q10_90--n500] rep 300/500 (28.52 reps/s)
  [screen_shape--trapezoid_q10_90--n500] rep 400/500 (28.61 reps/s)
  [screen_shape--trapezoid_q10_90--n500] rep 500/500 (28.72 reps/s)
[screen_shape--trapezoid_q10_90--n500] done: 2000 reps, M=10315, 70s
[20/27] screen_imbalance--binormal_90--n4500x500 (M=12367, reps=500)
  [screen_imbalance--binormal_90--n4500x500] rep 100/500 (4.25 reps/s)
  [screen_imbalance--binormal_90--n4500x500] rep 200/500 (4.25 reps/s)
  [screen_imbalance--binormal_90--n4500x500] rep 300/500 (4.33 reps/s)
  [screen_imbalance--binormal_90--n4500x500] rep 400/500 (4.31 reps/s)
  [screen_imbalance--binormal_90--n4500x500] rep 500/500 (4.31 reps/s)
  [screen_imbalance--binormal_90--n4500x500] SE gate: topping up to 1500 reps
  [screen_imbalance--binormal_90--n4500x500] rep 100/1000 (4.24 reps/s)
  [screen_imbalance--binormal_90--n4500x500] rep 200/1000 (4.25 reps/s)
  [screen_imbalance--binormal_90--n4500x500] rep 300/1000 (4.32 reps/s)
  [screen_imbalance--binormal_90--n4500x500] rep 400/1000 (4.31 reps/s)
  [screen_imbalance--binormal_90--n4500x500] rep 500/1000 (4.29 reps/s)
  [screen_imbalance--binormal_90--n4500x500] rep 600/1000 (4.32 reps/s)
  [screen_imbalance--binormal_90--n4500x500] rep 700/1000 (4.32 reps/s)
  [screen_imbalance--binormal_90--n4500x500] rep 800/1000 (4.32 reps/s)
  [screen_imbalance--binormal_90--n4500x500] rep 900/1000 (4.34 reps/s)
  [screen_imbalance--binormal_90--n4500x500] rep 1000/1000 (4.33 reps/s)
  [screen_imbalance--binormal_90--n4500x500] SE gate: topping up to 2000 reps
  [screen_imbalance--binormal_90--n4500x500] rep 100/500 (4.31 reps/s)
  [screen_imbalance--binormal_90--n4500x500] rep 200/500 (4.31 reps/s)
  [screen_imbalance--binormal_90--n4500x500] rep 300/500 (4.37 reps/s)
  [screen_imbalance--binormal_90--n4500x500] rep 400/500 (4.34 reps/s)
  [screen_imbalance--binormal_90--n4500x500] rep 500/500 (4.35 reps/s)
[screen_imbalance--binormal_90--n4500x500] done: 2000 reps, M=12367, 462s
[21/27] screen_imbalance--binormal_90--n1500x500 (M=13872, reps=500)
  [screen_imbalance--binormal_90--n1500x500] rep 100/500 (8.23 reps/s)
  [screen_imbalance--binormal_90--n1500x500] rep 200/500 (8.14 reps/s)
  [screen_imbalance--binormal_90--n1500x500] rep 300/500 (8.28 reps/s)
  [screen_imbalance--binormal_90--n1500x500] rep 400/500 (8.23 reps/s)
  [screen_imbalance--binormal_90--n1500x500] rep 500/500 (8.20 reps/s)
  [screen_imbalance--binormal_90--n1500x500] SE gate: topping up to 1500 reps
  [screen_imbalance--binormal_90--n1500x500] rep 100/1000 (7.98 reps/s)
  [screen_imbalance--binormal_90--n1500x500] rep 200/1000 (8.04 reps/s)
  [screen_imbalance--binormal_90--n1500x500] rep 300/1000 (8.26 reps/s)
  [screen_imbalance--binormal_90--n1500x500] rep 400/1000 (8.28 reps/s)
  [screen_imbalance--binormal_90--n1500x500] rep 500/1000 (8.27 reps/s)
  [screen_imbalance--binormal_90--n1500x500] rep 600/1000 (8.34 reps/s)
  [screen_imbalance--binormal_90--n1500x500] rep 700/1000 (8.34 reps/s)
  [screen_imbalance--binormal_90--n1500x500] rep 800/1000 (8.33 reps/s)
  [screen_imbalance--binormal_90--n1500x500] rep 900/1000 (8.37 reps/s)
  [screen_imbalance--binormal_90--n1500x500] rep 1000/1000 (8.36 reps/s)
  [screen_imbalance--binormal_90--n1500x500] SE gate: topping up to 2000 reps
  [screen_imbalance--binormal_90--n1500x500] rep 100/500 (8.32 reps/s)
  [screen_imbalance--binormal_90--n1500x500] rep 200/500 (8.32 reps/s)
  [screen_imbalance--binormal_90--n1500x500] rep 300/500 (8.42 reps/s)
  [screen_imbalance--binormal_90--n1500x500] rep 400/500 (8.41 reps/s)
  [screen_imbalance--binormal_90--n1500x500] rep 500/500 (8.39 reps/s)
[screen_imbalance--binormal_90--n1500x500] done: 2000 reps, M=13872, 241s
[22/27] screen_imbalance--binormal_90--n500x1500 (M=10315, reps=500)
  [screen_imbalance--binormal_90--n500x1500] rep 100/500 (19.42 reps/s)
  [screen_imbalance--binormal_90--n500x1500] rep 200/500 (19.44 reps/s)
  [screen_imbalance--binormal_90--n500x1500] rep 300/500 (19.72 reps/s)
  [screen_imbalance--binormal_90--n500x1500] rep 400/500 (19.69 reps/s)
  [screen_imbalance--binormal_90--n500x1500] rep 500/500 (19.71 reps/s)
  [screen_imbalance--binormal_90--n500x1500] SE gate: topping up to 1500 reps
  [screen_imbalance--binormal_90--n500x1500] rep 100/1000 (19.46 reps/s)
  [screen_imbalance--binormal_90--n500x1500] rep 200/1000 (19.58 reps/s)
  [screen_imbalance--binormal_90--n500x1500] rep 300/1000 (19.89 reps/s)
  [screen_imbalance--binormal_90--n500x1500] rep 400/1000 (19.83 reps/s)
  [screen_imbalance--binormal_90--n500x1500] rep 500/1000 (19.76 reps/s)
  [screen_imbalance--binormal_90--n500x1500] rep 600/1000 (19.79 reps/s)
  [screen_imbalance--binormal_90--n500x1500] rep 700/1000 (19.78 reps/s)
  [screen_imbalance--binormal_90--n500x1500] rep 800/1000 (19.79 reps/s)
  [screen_imbalance--binormal_90--n500x1500] rep 900/1000 (19.86 reps/s)
  [screen_imbalance--binormal_90--n500x1500] rep 1000/1000 (19.86 reps/s)
  [screen_imbalance--binormal_90--n500x1500] SE gate: topping up to 2000 reps
  [screen_imbalance--binormal_90--n500x1500] rep 100/500 (19.26 reps/s)
  [screen_imbalance--binormal_90--n500x1500] rep 200/500 (19.46 reps/s)
  [screen_imbalance--binormal_90--n500x1500] rep 300/500 (19.81 reps/s)
  [screen_imbalance--binormal_90--n500x1500] rep 400/500 (19.77 reps/s)
  [screen_imbalance--binormal_90--n500x1500] rep 500/500 (19.82 reps/s)
[screen_imbalance--binormal_90--n500x1500] done: 2000 reps, M=10315, 102s
[23/27] screen_imbalance--binormal_90--n500x4500 (M=10315, reps=500)
  [screen_imbalance--binormal_90--n500x4500] rep 100/500 (9.64 reps/s)
  [screen_imbalance--binormal_90--n500x4500] rep 200/500 (9.80 reps/s)
  [screen_imbalance--binormal_90--n500x4500] rep 300/500 (9.91 reps/s)
  [screen_imbalance--binormal_90--n500x4500] rep 400/500 (9.95 reps/s)
  [screen_imbalance--binormal_90--n500x4500] rep 500/500 (10.00 reps/s)
  [screen_imbalance--binormal_90--n500x4500] SE gate: topping up to 1500 reps
  [screen_imbalance--binormal_90--n500x4500] rep 100/1000 (9.85 reps/s)
  [screen_imbalance--binormal_90--n500x4500] rep 200/1000 (9.80 reps/s)
  [screen_imbalance--binormal_90--n500x4500] rep 300/1000 (9.99 reps/s)
  [screen_imbalance--binormal_90--n500x4500] rep 400/1000 (9.99 reps/s)
  [screen_imbalance--binormal_90--n500x4500] rep 500/1000 (9.98 reps/s)
  [screen_imbalance--binormal_90--n500x4500] rep 600/1000 (10.04 reps/s)
  [screen_imbalance--binormal_90--n500x4500] rep 700/1000 (10.03 reps/s)
  [screen_imbalance--binormal_90--n500x4500] rep 800/1000 (10.00 reps/s)
  [screen_imbalance--binormal_90--n500x4500] rep 900/1000 (10.04 reps/s)
  [screen_imbalance--binormal_90--n500x4500] rep 1000/1000 (10.03 reps/s)
  [screen_imbalance--binormal_90--n500x4500] SE gate: topping up to 2000 reps
  [screen_imbalance--binormal_90--n500x4500] rep 100/500 (9.85 reps/s)
  [screen_imbalance--binormal_90--n500x4500] rep 200/500 (9.90 reps/s)
  [screen_imbalance--binormal_90--n500x4500] rep 300/500 (10.07 reps/s)
  [screen_imbalance--binormal_90--n500x4500] rep 400/500 (9.97 reps/s)
  [screen_imbalance--binormal_90--n500x4500] rep 500/500 (9.99 reps/s)
[screen_imbalance--binormal_90--n500x4500] done: 2000 reps, M=10315, 201s
[24/27] screen_imbalance--t2_95--n4500x500 (M=12367, reps=500)
  [screen_imbalance--t2_95--n4500x500] rep 100/500 (4.17 reps/s)
  [screen_imbalance--t2_95--n4500x500] rep 200/500 (4.19 reps/s)
  [screen_imbalance--t2_95--n4500x500] rep 300/500 (4.27 reps/s)
  [screen_imbalance--t2_95--n4500x500] rep 400/500 (4.26 reps/s)
  [screen_imbalance--t2_95--n4500x500] rep 500/500 (4.27 reps/s)
  [screen_imbalance--t2_95--n4500x500] SE gate: topping up to 1500 reps
  [screen_imbalance--t2_95--n4500x500] rep 100/1000 (4.24 reps/s)
  [screen_imbalance--t2_95--n4500x500] rep 200/1000 (4.23 reps/s)
  [screen_imbalance--t2_95--n4500x500] rep 300/1000 (4.26 reps/s)
  [screen_imbalance--t2_95--n4500x500] rep 400/1000 (4.23 reps/s)
  [screen_imbalance--t2_95--n4500x500] rep 500/1000 (4.21 reps/s)
  [screen_imbalance--t2_95--n4500x500] rep 600/1000 (4.24 reps/s)
  [screen_imbalance--t2_95--n4500x500] rep 700/1000 (4.24 reps/s)
  [screen_imbalance--t2_95--n4500x500] rep 800/1000 (4.23 reps/s)
  [screen_imbalance--t2_95--n4500x500] rep 900/1000 (4.24 reps/s)
  [screen_imbalance--t2_95--n4500x500] rep 1000/1000 (4.24 reps/s)
  [screen_imbalance--t2_95--n4500x500] SE gate: topping up to 2000 reps
  [screen_imbalance--t2_95--n4500x500] rep 100/500 (4.16 reps/s)
  [screen_imbalance--t2_95--n4500x500] rep 200/500 (4.18 reps/s)
  [screen_imbalance--t2_95--n4500x500] rep 300/500 (4.24 reps/s)
  [screen_imbalance--t2_95--n4500x500] rep 400/500 (4.23 reps/s)
  [screen_imbalance--t2_95--n4500x500] rep 500/500 (4.23 reps/s)
[screen_imbalance--t2_95--n4500x500] done: 2000 reps, M=12367, 472s
[25/27] screen_imbalance--t2_95--n1500x500 (M=13872, reps=500)
  [screen_imbalance--t2_95--n1500x500] rep 100/500 (8.13 reps/s)
  [screen_imbalance--t2_95--n1500x500] rep 200/500 (8.09 reps/s)
  [screen_imbalance--t2_95--n1500x500] rep 300/500 (8.25 reps/s)
  [screen_imbalance--t2_95--n1500x500] rep 400/500 (8.20 reps/s)
  [screen_imbalance--t2_95--n1500x500] rep 500/500 (8.20 reps/s)
  [screen_imbalance--t2_95--n1500x500] SE gate: topping up to 1500 reps
  [screen_imbalance--t2_95--n1500x500] rep 100/1000 (8.10 reps/s)
  [screen_imbalance--t2_95--n1500x500] rep 200/1000 (8.09 reps/s)
  [screen_imbalance--t2_95--n1500x500] rep 300/1000 (8.23 reps/s)
  [screen_imbalance--t2_95--n1500x500] rep 400/1000 (8.18 reps/s)
  [screen_imbalance--t2_95--n1500x500] rep 500/1000 (8.17 reps/s)
  [screen_imbalance--t2_95--n1500x500] rep 600/1000 (8.21 reps/s)
  [screen_imbalance--t2_95--n1500x500] rep 700/1000 (8.19 reps/s)
  [screen_imbalance--t2_95--n1500x500] rep 800/1000 (8.19 reps/s)
  [screen_imbalance--t2_95--n1500x500] rep 900/1000 (8.19 reps/s)
  [screen_imbalance--t2_95--n1500x500] rep 1000/1000 (8.21 reps/s)
  [screen_imbalance--t2_95--n1500x500] SE gate: topping up to 2000 reps
  [screen_imbalance--t2_95--n1500x500] rep 100/500 (8.07 reps/s)
  [screen_imbalance--t2_95--n1500x500] rep 200/500 (8.08 reps/s)
  [screen_imbalance--t2_95--n1500x500] rep 300/500 (8.23 reps/s)
  [screen_imbalance--t2_95--n1500x500] rep 400/500 (8.16 reps/s)
  [screen_imbalance--t2_95--n1500x500] rep 500/500 (8.18 reps/s)
[screen_imbalance--t2_95--n1500x500] done: 2000 reps, M=13872, 245s
[26/27] screen_imbalance--t2_95--n500x1500 (M=10315, reps=500)
  [screen_imbalance--t2_95--n500x1500] rep 100/500 (19.11 reps/s)
  [screen_imbalance--t2_95--n500x1500] rep 200/500 (19.15 reps/s)
  [screen_imbalance--t2_95--n500x1500] rep 300/500 (19.32 reps/s)
  [screen_imbalance--t2_95--n500x1500] rep 400/500 (19.37 reps/s)
  [screen_imbalance--t2_95--n500x1500] rep 500/500 (19.41 reps/s)
  [screen_imbalance--t2_95--n500x1500] SE gate: topping up to 1500 reps
  [screen_imbalance--t2_95--n500x1500] rep 100/1000 (19.05 reps/s)
  [screen_imbalance--t2_95--n500x1500] rep 200/1000 (19.16 reps/s)
  [screen_imbalance--t2_95--n500x1500] rep 300/1000 (19.05 reps/s)
  [screen_imbalance--t2_95--n500x1500] rep 400/1000 (19.17 reps/s)
  [screen_imbalance--t2_95--n500x1500] rep 500/1000 (19.16 reps/s)
  [screen_imbalance--t2_95--n500x1500] rep 600/1000 (19.16 reps/s)
  [screen_imbalance--t2_95--n500x1500] rep 700/1000 (19.28 reps/s)
  [screen_imbalance--t2_95--n500x1500] rep 800/1000 (19.28 reps/s)
  [screen_imbalance--t2_95--n500x1500] rep 900/1000 (19.26 reps/s)
  [screen_imbalance--t2_95--n500x1500] rep 1000/1000 (19.34 reps/s)
  [screen_imbalance--t2_95--n500x1500] SE gate: topping up to 2000 reps
  [screen_imbalance--t2_95--n500x1500] rep 100/500 (19.09 reps/s)
  [screen_imbalance--t2_95--n500x1500] rep 200/500 (19.10 reps/s)
  [screen_imbalance--t2_95--n500x1500] rep 300/500 (19.41 reps/s)
  [screen_imbalance--t2_95--n500x1500] rep 400/500 (19.33 reps/s)
  [screen_imbalance--t2_95--n500x1500] rep 500/500 (19.29 reps/s)
[screen_imbalance--t2_95--n500x1500] done: 2000 reps, M=10315, 104s
[27/27] screen_imbalance--t2_95--n500x4500 (M=10315, reps=500)
  [screen_imbalance--t2_95--n500x4500] rep 100/500 (9.48 reps/s)
  [screen_imbalance--t2_95--n500x4500] rep 200/500 (9.54 reps/s)
  [screen_imbalance--t2_95--n500x4500] rep 300/500 (9.65 reps/s)
  [screen_imbalance--t2_95--n500x4500] rep 400/500 (9.62 reps/s)
  [screen_imbalance--t2_95--n500x4500] rep 500/500 (9.60 reps/s)
  [screen_imbalance--t2_95--n500x4500] SE gate: topping up to 1500 reps
  [screen_imbalance--t2_95--n500x4500] rep 100/1000 (9.36 reps/s)
  [screen_imbalance--t2_95--n500x4500] rep 200/1000 (9.44 reps/s)
  [screen_imbalance--t2_95--n500x4500] rep 300/1000 (9.47 reps/s)
  [screen_imbalance--t2_95--n500x4500] rep 400/1000 (9.57 reps/s)
  [screen_imbalance--t2_95--n500x4500] rep 500/1000 (9.56 reps/s)
  [screen_imbalance--t2_95--n500x4500] rep 600/1000 (9.56 reps/s)
  [screen_imbalance--t2_95--n500x4500] rep 700/1000 (9.59 reps/s)
  [screen_imbalance--t2_95--n500x4500] rep 800/1000 (9.59 reps/s)
  [screen_imbalance--t2_95--n500x4500] rep 900/1000 (9.59 reps/s)
  [screen_imbalance--t2_95--n500x4500] rep 1000/1000 (9.62 reps/s)
  [screen_imbalance--t2_95--n500x4500] SE gate: topping up to 2000 reps
  [screen_imbalance--t2_95--n500x4500] rep 100/500 (9.58 reps/s)
  [screen_imbalance--t2_95--n500x4500] rep 200/500 (9.50 reps/s)
  [screen_imbalance--t2_95--n500x4500] rep 300/500 (9.61 reps/s)
  [screen_imbalance--t2_95--n500x4500] rep 400/500 (9.66 reps/s)
  [screen_imbalance--t2_95--n500x4500] rep 500/500 (9.67 reps/s)
[screen_imbalance--t2_95--n500x4500] done: 2000 reps, M=10315, 209s
